I'm sorry, but errors were detected in your script. Please correct the
errors listed below, and try again.


File "game/script.rpy", line 52: end of line expected.
    jump advanced-course
                 ^

Ren'Py Version: Ren'Py 7.2.2.491
Fri Jun  7 22:19:37 2019
